  Generate moc_predefs.h
  MOC myglwidget.h
CUSTOMBUILD : warning : Failed to resolve include "C:/Users/86135/Desktop/鍥惧舰瀛?Project/Demo/debug/moc_predefs.h" for moc file myglwidget.h
  main.cpp
  myglwidget.cpp
C:\Users\86135\Desktop\图形学\22320021-陈安康-作业1\CGHW1\myglwidget.cpp(1,1): warning C4828: 文件包含在偏移 0xc55 处开始的字符，该字符在当前源字符集中无效(代码页 65001)。
C:\Users\86135\Desktop\图形学\22320021-陈安康-作业1\CGHW1\myglwidget.cpp(1,1): warning C4828: 文件包含在偏移 0xc56 处开始的字符，该字符在当前源字符集中无效(代码页 65001)。
C:\Users\86135\Desktop\图形学\22320021-陈安康-作业1\CGHW1\myglwidget.cpp(1,1): warning C4828: 文件包含在偏移 0xc60 处开始的字符，该字符在当前源字符集中无效(代码页 65001)。
C:\Users\86135\Desktop\图形学\22320021-陈安康-作业1\CGHW1\myglwidget.cpp(1,1): warning C4828: 文件包含在偏移 0xc61 处开始的字符，该字符在当前源字符集中无效(代码页 65001)。
C:\Users\86135\Desktop\图形学\22320021-陈安康-作业1\CGHW1\myglwidget.cpp(1,1): warning C4828: 文件包含在偏移 0xc64 处开始的字符，该字符在当前源字符集中无效(代码页 65001)。
C:\Users\86135\Desktop\图形学\22320021-陈安康-作业1\CGHW1\myglwidget.cpp(1,1): warning C4828: 文件包含在偏移 0xc66 处开始的字符，该字符在当前源字符集中无效(代码页 65001)。
C:\Users\86135\Desktop\图形学\22320021-陈安康-作业1\CGHW1\myglwidget.cpp(1,1): warning C4828: 文件包含在偏移 0xc67 处开始的字符，该字符在当前源字符集中无效(代码页 65001)。
C:\Users\86135\Desktop\图形学\22320021-陈安康-作业1\CGHW1\myglwidget.cpp(1,1): warning C4828: 文件包含在偏移 0xd22 处开始的字符，该字符在当前源字符集中无效(代码页 65001)。
C:\Users\86135\Desktop\图形学\22320021-陈安康-作业1\CGHW1\myglwidget.cpp(1,1): warning C4828: 文件包含在偏移 0xd23 处开始的字符，该字符在当前源字符集中无效(代码页 65001)。
C:\Users\86135\Desktop\图形学\22320021-陈安康-作业1\CGHW1\myglwidget.cpp(1,1): warning C4828: 文件包含在偏移 0xd26 处开始的字符，该字符在当前源字符集中无效(代码页 65001)。
C:\Users\86135\Desktop\图形学\22320021-陈安康-作业1\CGHW1\myglwidget.cpp(1,1): warning C4828: 文件包含在偏移 0xd28 处开始的字符，该字符在当前源字符集中无效(代码页 65001)。
C:\Users\86135\Desktop\图形学\22320021-陈安康-作业1\CGHW1\myglwidget.cpp(1,1): warning C4828: 文件包含在偏移 0xde2 处开始的字符，该字符在当前源字符集中无效(代码页 65001)。
C:\Users\86135\Desktop\图形学\22320021-陈安康-作业1\CGHW1\myglwidget.cpp(1,1): warning C4828: 文件包含在偏移 0xde3 处开始的字符，该字符在当前源字符集中无效(代码页 65001)。
C:\Users\86135\Desktop\图形学\22320021-陈安康-作业1\CGHW1\myglwidget.cpp(1,1): warning C4828: 文件包含在偏移 0xde6 处开始的字符，该字符在当前源字符集中无效(代码页 65001)。
C:\Users\86135\Desktop\图形学\22320021-陈安康-作业1\CGHW1\myglwidget.cpp(1,1): warning C4828: 文件包含在偏移 0xde8 处开始的字符，该字符在当前源字符集中无效(代码页 65001)。
C:\Users\86135\Desktop\图形学\22320021-陈安康-作业1\CGHW1\myglwidget.cpp(1,1): warning C4828: 文件包含在偏移 0xde9 处开始的字符，该字符在当前源字符集中无效(代码页 65001)。
C:\Users\86135\Desktop\图形学\22320021-陈安康-作业1\CGHW1\myglwidget.cpp(1,1): warning C4828: 文件包含在偏移 0xf32 处开始的字符，该字符在当前源字符集中无效(代码页 65001)。
C:\Users\86135\Desktop\图形学\22320021-陈安康-作业1\CGHW1\myglwidget.cpp(1,1): warning C4828: 文件包含在偏移 0xf33 处开始的字符，该字符在当前源字符集中无效(代码页 65001)。
C:\Users\86135\Desktop\图形学\22320021-陈安康-作业1\CGHW1\myglwidget.cpp(1,1): warning C4828: 文件包含在偏移 0xf3d 处开始的字符，该字符在当前源字符集中无效(代码页 65001)。
C:\Users\86135\Desktop\图形学\22320021-陈安康-作业1\CGHW1\myglwidget.cpp(1,1): warning C4828: 文件包含在偏移 0xf3e 处开始的字符，该字符在当前源字符集中无效(代码页 65001)。
C:\Users\86135\Desktop\图形学\22320021-陈安康-作业1\CGHW1\myglwidget.cpp(1,1): warning C4828: 文件包含在偏移 0xf41 处开始的字符，该字符在当前源字符集中无效(代码页 65001)。
C:\Users\86135\Desktop\图形学\22320021-陈安康-作业1\CGHW1\myglwidget.cpp(1,1): warning C4828: 文件包含在偏移 0xf45 处开始的字符，该字符在当前源字符集中无效(代码页 65001)。
C:\Users\86135\Desktop\图形学\22320021-陈安康-作业1\CGHW1\myglwidget.cpp(1,1): warning C4828: 文件包含在偏移 0xf4d 处开始的字符，该字符在当前源字符集中无效(代码页 65001)。
C:\Users\86135\Desktop\图形学\22320021-陈安康-作业1\CGHW1\myglwidget.cpp(1,1): warning C4828: 文件包含在偏移 0xf4e 处开始的字符，该字符在当前源字符集中无效(代码页 65001)。
C:\Users\86135\Desktop\图形学\22320021-陈安康-作业1\CGHW1\myglwidget.cpp(1,1): warning C4828: 文件包含在偏移 0xf4f 处开始的字符，该字符在当前源字符集中无效(代码页 65001)。
C:\Users\86135\Desktop\图形学\22320021-陈安康-作业1\CGHW1\myglwidget.cpp(1,1): warning C4828: 文件包含在偏移 0xf52 处开始的字符，该字符在当前源字符集中无效(代码页 65001)。
C:\Users\86135\Desktop\图形学\22320021-陈安康-作业1\CGHW1\myglwidget.cpp(1,1): warning C4828: 文件包含在偏移 0xf58 处开始的字符，该字符在当前源字符集中无效(代码页 65001)。
C:\Users\86135\Desktop\图形学\22320021-陈安康-作业1\CGHW1\myglwidget.cpp(1,1): warning C4828: 文件包含在偏移 0xf59 处开始的字符，该字符在当前源字符集中无效(代码页 65001)。
C:\Users\86135\Desktop\图形学\22320021-陈安康-作业1\CGHW1\myglwidget.cpp(1,1): warning C4828: 文件包含在偏移 0xf5a 处开始的字符，该字符在当前源字符集中无效(代码页 65001)。
C:\Users\86135\Desktop\图形学\22320021-陈安康-作业1\CGHW1\myglwidget.cpp(1,1): warning C4828: 文件包含在偏移 0xf5c 处开始的字符，该字符在当前源字符集中无效(代码页 65001)。
C:\Users\86135\Desktop\图形学\22320021-陈安康-作业1\CGHW1\myglwidget.cpp(1,1): warning C4828: 文件包含在偏移 0xf5e 处开始的字符，该字符在当前源字符集中无效(代码页 65001)。
C:\Users\86135\Desktop\图形学\22320021-陈安康-作业1\CGHW1\myglwidget.cpp(1,1): warning C4828: 文件包含在偏移 0xf60 处开始的字符，该字符在当前源字符集中无效(代码页 65001)。
C:\Users\86135\Desktop\图形学\22320021-陈安康-作业1\CGHW1\myglwidget.cpp(1,1): warning C4828: 文件包含在偏移 0xf61 处开始的字符，该字符在当前源字符集中无效(代码页 65001)。
C:\Users\86135\Desktop\图形学\22320021-陈安康-作业1\CGHW1\myglwidget.cpp(1,1): warning C4828: 文件包含在偏移 0xf65 处开始的字符，该字符在当前源字符集中无效(代码页 65001)。
C:\Users\86135\Desktop\图形学\22320021-陈安康-作业1\CGHW1\myglwidget.cpp(1,1): warning C4828: 文件包含在偏移 0xf66 处开始的字符，该字符在当前源字符集中无效(代码页 65001)。
C:\Users\86135\Desktop\图形学\22320021-陈安康-作业1\CGHW1\myglwidget.cpp(1,1): warning C4828: 文件包含在偏移 0xf67 处开始的字符，该字符在当前源字符集中无效(代码页 65001)。
C:\Users\86135\Desktop\图形学\22320021-陈安康-作业1\CGHW1\myglwidget.cpp(1,1): warning C4828: 文件包含在偏移 0xf6a 处开始的字符，该字符在当前源字符集中无效(代码页 65001)。
C:\Users\86135\Desktop\图形学\22320021-陈安康-作业1\CGHW1\myglwidget.cpp(1,1): warning C4828: 文件包含在偏移 0xf6b 处开始的字符，该字符在当前源字符集中无效(代码页 65001)。
C:\Users\86135\Desktop\图形学\22320021-陈安康-作业1\CGHW1\myglwidget.cpp(1,1): warning C4828: 文件包含在偏移 0xf6d 处开始的字符，该字符在当前源字符集中无效(代码页 65001)。
C:\Users\86135\Desktop\图形学\22320021-陈安康-作业1\CGHW1\myglwidget.cpp(1,1): warning C4828: 文件包含在偏移 0xf6e 处开始的字符，该字符在当前源字符集中无效(代码页 65001)。
C:\Users\86135\Desktop\图形学\22320021-陈安康-作业1\CGHW1\myglwidget.cpp(1,1): warning C4828: 文件包含在偏移 0xf6f 处开始的字符，该字符在当前源字符集中无效(代码页 65001)。
C:\Users\86135\Desktop\图形学\22320021-陈安康-作业1\CGHW1\myglwidget.cpp(1,1): warning C4828: 文件包含在偏移 0xf71 处开始的字符，该字符在当前源字符集中无效(代码页 65001)。
C:\Users\86135\Desktop\图形学\22320021-陈安康-作业1\CGHW1\myglwidget.cpp(1,1): warning C4828: 文件包含在偏移 0xf7a 处开始的字符，该字符在当前源字符集中无效(代码页 65001)。
C:\Users\86135\Desktop\图形学\22320021-陈安康-作业1\CGHW1\myglwidget.cpp(1,1): warning C4828: 文件包含在偏移 0xf7d 处开始的字符，该字符在当前源字符集中无效(代码页 65001)。
C:\Users\86135\Desktop\图形学\22320021-陈安康-作业1\CGHW1\myglwidget.cpp(1,1): warning C4828: 文件包含在偏移 0xf80 处开始的字符，该字符在当前源字符集中无效(代码页 65001)。
C:\Users\86135\Desktop\图形学\22320021-陈安康-作业1\CGHW1\myglwidget.cpp(1,1): warning C4828: 文件包含在偏移 0xf83 处开始的字符，该字符在当前源字符集中无效(代码页 65001)。
C:\Users\86135\Desktop\图形学\22320021-陈安康-作业1\CGHW1\myglwidget.cpp(1,1): warning C4828: 文件包含在偏移 0xf88 处开始的字符，该字符在当前源字符集中无效(代码页 65001)。
C:\Users\86135\Desktop\图形学\22320021-陈安康-作业1\CGHW1\myglwidget.cpp(1,1): warning C4828: 文件包含在偏移 0xf89 处开始的字符，该字符在当前源字符集中无效(代码页 65001)。
C:\Users\86135\Desktop\图形学\22320021-陈安康-作业1\CGHW1\myglwidget.cpp(1,1): warning C4828: 文件包含在偏移 0xf8b 处开始的字符，该字符在当前源字符集中无效(代码页 65001)。
C:\Users\86135\Desktop\图形学\22320021-陈安康-作业1\CGHW1\myglwidget.cpp(1,1): warning C4828: 文件包含在偏移 0x103e 处开始的字符，该字符在当前源字符集中无效(代码页 65001)。
C:\Users\86135\Desktop\图形学\22320021-陈安康-作业1\CGHW1\myglwidget.cpp(1,1): warning C4828: 文件包含在偏移 0x103f 处开始的字符，该字符在当前源字符集中无效(代码页 65001)。
C:\Users\86135\Desktop\图形学\22320021-陈安康-作业1\CGHW1\myglwidget.cpp(1,1): warning C4828: 文件包含在偏移 0x1042 处开始的字符，该字符在当前源字符集中无效(代码页 65001)。
C:\Users\86135\Desktop\图形学\22320021-陈安康-作业1\CGHW1\myglwidget.cpp(1,1): warning C4828: 文件包含在偏移 0x1046 处开始的字符，该字符在当前源字符集中无效(代码页 65001)。
C:\Users\86135\Desktop\图形学\22320021-陈安康-作业1\CGHW1\myglwidget.cpp(1,1): warning C4828: 文件包含在偏移 0x10f5 处开始的字符，该字符在当前源字符集中无效(代码页 65001)。
C:\Users\86135\Desktop\图形学\22320021-陈安康-作业1\CGHW1\myglwidget.cpp(1,1): warning C4828: 文件包含在偏移 0x10f6 处开始的字符，该字符在当前源字符集中无效(代码页 65001)。
C:\Users\86135\Desktop\图形学\22320021-陈安康-作业1\CGHW1\myglwidget.cpp(1,1): warning C4828: 文件包含在偏移 0x10f9 处开始的字符，该字符在当前源字符集中无效(代码页 65001)。
C:\Users\86135\Desktop\图形学\22320021-陈安康-作业1\CGHW1\myglwidget.cpp(1,1): warning C4828: 文件包含在偏移 0x10fb 处开始的字符，该字符在当前源字符集中无效(代码页 65001)。
C:\Users\86135\Desktop\图形学\22320021-陈安康-作业1\CGHW1\myglwidget.cpp(1,1): warning C4828: 文件包含在偏移 0x10fc 处开始的字符，该字符在当前源字符集中无效(代码页 65001)。
C:\Users\86135\Desktop\图形学\22320021-陈安康-作业1\CGHW1\myglwidget.cpp(1,1): warning C4828: 文件包含在偏移 0x10ff 处开始的字符，该字符在当前源字符集中无效(代码页 65001)。
C:\Users\86135\Desktop\图形学\22320021-陈安康-作业1\CGHW1\myglwidget.cpp(1,1): warning C4828: 文件包含在偏移 0x124a 处开始的字符，该字符在当前源字符集中无效(代码页 65001)。
C:\Users\86135\Desktop\图形学\22320021-陈安康-作业1\CGHW1\myglwidget.cpp(1,1): warning C4828: 文件包含在偏移 0x124b 处开始的字符，该字符在当前源字符集中无效(代码页 65001)。
C:\Users\86135\Desktop\图形学\22320021-陈安康-作业1\CGHW1\myglwidget.cpp(1,1): warning C4828: 文件包含在偏移 0x1255 处开始的字符，该字符在当前源字符集中无效(代码页 65001)。
C:\Users\86135\Desktop\图形学\22320021-陈安康-作业1\CGHW1\myglwidget.cpp(1,1): warning C4828: 文件包含在偏移 0x1256 处开始的字符，该字符在当前源字符集中无效(代码页 65001)。
C:\Users\86135\Desktop\图形学\22320021-陈安康-作业1\CGHW1\myglwidget.cpp(1,1): warning C4828: 文件包含在偏移 0x1259 处开始的字符，该字符在当前源字符集中无效(代码页 65001)。
C:\Users\86135\Desktop\图形学\22320021-陈安康-作业1\CGHW1\myglwidget.cpp(1,1): warning C4828: 文件包含在偏移 0x125b 处开始的字符，该字符在当前源字符集中无效(代码页 65001)。
C:\Users\86135\Desktop\图形学\22320021-陈安康-作业1\CGHW1\myglwidget.cpp(1,1): warning C4828: 文件包含在偏移 0x1315 处开始的字符，该字符在当前源字符集中无效(代码页 65001)。
C:\Users\86135\Desktop\图形学\22320021-陈安康-作业1\CGHW1\myglwidget.cpp(1,1): warning C4828: 文件包含在偏移 0x1316 处开始的字符，该字符在当前源字符集中无效(代码页 65001)。
C:\Users\86135\Desktop\图形学\22320021-陈安康-作业1\CGHW1\myglwidget.cpp(1,1): warning C4828: 文件包含在偏移 0x1319 处开始的字符，该字符在当前源字符集中无效(代码页 65001)。
C:\Users\86135\Desktop\图形学\22320021-陈安康-作业1\CGHW1\myglwidget.cpp(1,1): warning C4828: 文件包含在偏移 0x131d 处开始的字符，该字符在当前源字符集中无效(代码页 65001)。
C:\Users\86135\Desktop\图形学\22320021-陈安康-作业1\CGHW1\myglwidget.cpp(1,1): warning C4828: 文件包含在偏移 0x13d6 处开始的字符，该字符在当前源字符集中无效(代码页 65001)。
C:\Users\86135\Desktop\图形学\22320021-陈安康-作业1\CGHW1\myglwidget.cpp(1,1): warning C4828: 文件包含在偏移 0x13d7 处开始的字符，该字符在当前源字符集中无效(代码页 65001)。
C:\Users\86135\Desktop\图形学\22320021-陈安康-作业1\CGHW1\myglwidget.cpp(1,1): warning C4828: 文件包含在偏移 0x13da 处开始的字符，该字符在当前源字符集中无效(代码页 65001)。
C:\Users\86135\Desktop\图形学\22320021-陈安康-作业1\CGHW1\myglwidget.cpp(1,1): warning C4828: 文件包含在偏移 0x13de 处开始的字符，该字符在当前源字符集中无效(代码页 65001)。
C:\Users\86135\Desktop\图形学\22320021-陈安康-作业1\CGHW1\myglwidget.cpp(1,1): warning C4828: 文件包含在偏移 0x16d2 处开始的字符，该字符在当前源字符集中无效(代码页 65001)。
C:\Users\86135\Desktop\图形学\22320021-陈安康-作业1\CGHW1\myglwidget.cpp(1,1): warning C4828: 文件包含在偏移 0x16d3 处开始的字符，该字符在当前源字符集中无效(代码页 65001)。
C:\Users\86135\Desktop\图形学\22320021-陈安康-作业1\CGHW1\myglwidget.cpp(1,1): warning C4828: 文件包含在偏移 0x16dd 处开始的字符，该字符在当前源字符集中无效(代码页 65001)。
C:\Users\86135\Desktop\图形学\22320021-陈安康-作业1\CGHW1\myglwidget.cpp(1,1): warning C4828: 文件包含在偏移 0x16de 处开始的字符，该字符在当前源字符集中无效(代码页 65001)。
C:\Users\86135\Desktop\图形学\22320021-陈安康-作业1\CGHW1\myglwidget.cpp(1,1): warning C4828: 文件包含在偏移 0x16e1 处开始的字符，该字符在当前源字符集中无效(代码页 65001)。
C:\Users\86135\Desktop\图形学\22320021-陈安康-作业1\CGHW1\myglwidget.cpp(1,1): warning C4828: 文件包含在偏移 0x16e3 处开始的字符，该字符在当前源字符集中无效(代码页 65001)。
C:\Users\86135\Desktop\图形学\22320021-陈安康-作业1\CGHW1\myglwidget.cpp(1,1): warning C4828: 文件包含在偏移 0x16e4 处开始的字符，该字符在当前源字符集中无效(代码页 65001)。
C:\Users\86135\Desktop\图形学\22320021-陈安康-作业1\CGHW1\myglwidget.cpp(1,1): warning C4828: 文件包含在偏移 0x1850 处开始的字符，该字符在当前源字符集中无效(代码页 65001)。
C:\Users\86135\Desktop\图形学\22320021-陈安康-作业1\CGHW1\myglwidget.cpp(1,1): warning C4828: 文件包含在偏移 0x1851 处开始的字符，该字符在当前源字符集中无效(代码页 65001)。
C:\Users\86135\Desktop\图形学\22320021-陈安康-作业1\CGHW1\myglwidget.cpp(1,1): warning C4828: 文件包含在偏移 0x185b 处开始的字符，该字符在当前源字符集中无效(代码页 65001)。
C:\Users\86135\Desktop\图形学\22320021-陈安康-作业1\CGHW1\myglwidget.cpp(1,1): warning C4828: 文件包含在偏移 0x185c 处开始的字符，该字符在当前源字符集中无效(代码页 65001)。
C:\Users\86135\Desktop\图形学\22320021-陈安康-作业1\CGHW1\myglwidget.cpp(1,1): warning C4828: 文件包含在偏移 0x185f 处开始的字符，该字符在当前源字符集中无效(代码页 65001)。
C:\Users\86135\Desktop\图形学\22320021-陈安康-作业1\CGHW1\myglwidget.cpp(1,1): warning C4828: 文件包含在偏移 0x1863 处开始的字符，该字符在当前源字符集中无效(代码页 65001)。
C:\Users\86135\Desktop\图形学\22320021-陈安康-作业1\CGHW1\myglwidget.cpp(1,1): warning C4828: 文件包含在偏移 0x186b 处开始的字符，该字符在当前源字符集中无效(代码页 65001)。
C:\Users\86135\Desktop\图形学\22320021-陈安康-作业1\CGHW1\myglwidget.cpp(1,1): warning C4828: 文件包含在偏移 0x186c 处开始的字符，该字符在当前源字符集中无效(代码页 65001)。
C:\Users\86135\Desktop\图形学\22320021-陈安康-作业1\CGHW1\myglwidget.cpp(1,1): warning C4828: 文件包含在偏移 0x186d 处开始的字符，该字符在当前源字符集中无效(代码页 65001)。
C:\Users\86135\Desktop\图形学\22320021-陈安康-作业1\CGHW1\myglwidget.cpp(1,1): warning C4828: 文件包含在偏移 0x1870 处开始的字符，该字符在当前源字符集中无效(代码页 65001)。
C:\Users\86135\Desktop\图形学\22320021-陈安康-作业1\CGHW1\myglwidget.cpp(1,1): warning C4828: 文件包含在偏移 0x1876 处开始的字符，该字符在当前源字符集中无效(代码页 65001)。
C:\Users\86135\Desktop\图形学\22320021-陈安康-作业1\CGHW1\myglwidget.cpp(1,1): warning C4828: 文件包含在偏移 0x1877 处开始的字符，该字符在当前源字符集中无效(代码页 65001)。
C:\Users\86135\Desktop\图形学\22320021-陈安康-作业1\CGHW1\myglwidget.cpp(1,1): warning C4828: 文件包含在偏移 0x1878 处开始的字符，该字符在当前源字符集中无效(代码页 65001)。
C:\Users\86135\Desktop\图形学\22320021-陈安康-作业1\CGHW1\myglwidget.cpp(1,1): warning C4828: 文件包含在偏移 0x187a 处开始的字符，该字符在当前源字符集中无效(代码页 65001)。
C:\Users\86135\Desktop\图形学\22320021-陈安康-作业1\CGHW1\myglwidget.cpp(1,1): warning C4828: 文件包含在偏移 0x187c 处开始的字符，该字符在当前源字符集中无效(代码页 65001)。
C:\Users\86135\Desktop\图形学\22320021-陈安康-作业1\CGHW1\myglwidget.cpp(1,1): warning C4828: 文件包含在偏移 0x187e 处开始的字符，该字符在当前源字符集中无效(代码页 65001)。
C:\Users\86135\Desktop\图形学\22320021-陈安康-作业1\CGHW1\myglwidget.cpp(1,1): warning C4828: 文件包含在偏移 0x187f 处开始的字符，该字符在当前源字符集中无效(代码页 65001)。
C:\Users\86135\Desktop\图形学\22320021-陈安康-作业1\CGHW1\myglwidget.cpp(1,1): warning C4828: 文件包含在偏移 0x1883 处开始的字符，该字符在当前源字符集中无效(代码页 65001)。
C:\Users\86135\Desktop\图形学\22320021-陈安康-作业1\CGHW1\myglwidget.cpp(1,1): warning C4828: 文件包含在偏移 0x1884 处开始的字符，该字符在当前源字符集中无效(代码页 65001)。
C:\Users\86135\Desktop\图形学\22320021-陈安康-作业1\CGHW1\myglwidget.cpp(1,1): warning C4828: 文件包含在偏移 0x1885 处开始的字符，该字符在当前源字符集中无效(代码页 65001)。
C:\Users\86135\Desktop\图形学\22320021-陈安康-作业1\CGHW1\myglwidget.cpp(1,1): warning C4828: 文件包含在偏移 0x1888 处开始的字符，该字符在当前源字符集中无效(代码页 65001)。
C:\Users\86135\Desktop\图形学\22320021-陈安康-作业1\CGHW1\myglwidget.cpp(1,1): warning C4828: 文件包含在偏移 0x1889 处开始的字符，该字符在当前源字符集中无效(代码页 65001)。
C:\Users\86135\Desktop\图形学\22320021-陈安康-作业1\CGHW1\myglwidget.cpp(1,1): warning C4828: 文件包含在偏移 0x188b 处开始的字符，该字符在当前源字符集中无效(代码页 65001)。
C:\Users\86135\Desktop\图形学\22320021-陈安康-作业1\CGHW1\myglwidget.cpp(1,1): warning C4828: 文件包含在偏移 0x188c 处开始的字符，该字符在当前源字符集中无效(代码页 65001)。
C:\Users\86135\Desktop\图形学\22320021-陈安康-作业1\CGHW1\myglwidget.cpp(1,1): warning C4828: 文件包含在偏移 0x188d 处开始的字符，该字符在当前源字符集中无效(代码页 65001)。
C:\Users\86135\Desktop\图形学\22320021-陈安康-作业1\CGHW1\myglwidget.cpp(1,1): warning C4828: 文件包含在偏移 0x188f 处开始的字符，该字符在当前源字符集中无效(代码页 65001)。
C:\Users\86135\Desktop\图形学\22320021-陈安康-作业1\CGHW1\myglwidget.cpp(1,1): warning C4828: 文件包含在偏移 0x1898 处开始的字符，该字符在当前源字符集中无效(代码页 65001)。
C:\Users\86135\Desktop\图形学\22320021-陈安康-作业1\CGHW1\myglwidget.cpp(1,1): warning C4828: 文件包含在偏移 0x189b 处开始的字符，该字符在当前源字符集中无效(代码页 65001)。
C:\Users\86135\Desktop\图形学\22320021-陈安康-作业1\CGHW1\myglwidget.cpp(1,1): warning C4828: 文件包含在偏移 0x189e 处开始的字符，该字符在当前源字符集中无效(代码页 65001)。
C:\Users\86135\Desktop\图形学\22320021-陈安康-作业1\CGHW1\myglwidget.cpp(1,1): warning C4828: 文件包含在偏移 0x18a1 处开始的字符，该字符在当前源字符集中无效(代码页 65001)。
C:\Users\86135\Desktop\图形学\22320021-陈安康-作业1\CGHW1\myglwidget.cpp(1,1): warning C4828: 文件包含在偏移 0x18a6 处开始的字符，该字符在当前源字符集中无效(代码页 65001)。
C:\Users\86135\Desktop\图形学\22320021-陈安康-作业1\CGHW1\myglwidget.cpp(1,1): warning C4828: 文件包含在偏移 0x18a7 处开始的字符，该字符在当前源字符集中无效(代码页 65001)。
C:\Users\86135\Desktop\图形学\22320021-陈安康-作业1\CGHW1\myglwidget.cpp(1,1): warning C4828: 文件包含在偏移 0x18a9 处开始的字符，该字符在当前源字符集中无效(代码页 65001)。
C:\Users\86135\Desktop\图形学\22320021-陈安康-作业1\CGHW1\myglwidget.cpp(1,1): warning C4828: 文件包含在偏移 0x1ab5 处开始的字符，该字符在当前源字符集中无效(代码页 65001)。
C:\Users\86135\Desktop\图形学\22320021-陈安康-作业1\CGHW1\myglwidget.cpp(1,1): warning C4828: 文件包含在偏移 0x1ab6 处开始的字符，该字符在当前源字符集中无效(代码页 65001)。
C:\Users\86135\Desktop\图形学\22320021-陈安康-作业1\CGHW1\myglwidget.cpp(1,1): warning C4828: 文件包含在偏移 0x1ac0 处开始的字符，该字符在当前源字符集中无效(代码页 65001)。
C:\Users\86135\Desktop\图形学\22320021-陈安康-作业1\CGHW1\myglwidget.cpp(1,1): warning C4828: 文件包含在偏移 0x1ac1 处开始的字符，该字符在当前源字符集中无效(代码页 65001)。
C:\Users\86135\Desktop\图形学\22320021-陈安康-作业1\CGHW1\myglwidget.cpp(1,1): warning C4828: 文件包含在偏移 0x1ac4 处开始的字符，该字符在当前源字符集中无效(代码页 65001)。
C:\Users\86135\Desktop\图形学\22320021-陈安康-作业1\CGHW1\myglwidget.cpp(1,1): warning C4828: 文件包含在偏移 0x1ac6 处开始的字符，该字符在当前源字符集中无效(代码页 65001)。
C:\Users\86135\Desktop\图形学\22320021-陈安康-作业1\CGHW1\myglwidget.cpp(1,1): warning C4828: 文件包含在偏移 0x1e53 处开始的字符，该字符在当前源字符集中无效(代码页 65001)。
C:\Users\86135\Desktop\图形学\22320021-陈安康-作业1\CGHW1\myglwidget.cpp(1,1): warning C4828: 文件包含在偏移 0x1e54 处开始的字符，该字符在当前源字符集中无效(代码页 65001)。
C:\Users\86135\Desktop\图形学\22320021-陈安康-作业1\CGHW1\myglwidget.cpp(1,1): warning C4828: 文件包含在偏移 0x1e5e 处开始的字符，该字符在当前源字符集中无效(代码页 65001)。
C:\Users\86135\Desktop\图形学\22320021-陈安康-作业1\CGHW1\myglwidget.cpp(1,1): warning C4828: 文件包含在偏移 0x1e5f 处开始的字符，该字符在当前源字符集中无效(代码页 65001)。
C:\Users\86135\Desktop\图形学\22320021-陈安康-作业1\CGHW1\myglwidget.cpp(1,1): warning C4828: 文件包含在偏移 0x1e62 处开始的字符，该字符在当前源字符集中无效(代码页 65001)。
C:\Users\86135\Desktop\图形学\22320021-陈安康-作业1\CGHW1\myglwidget.cpp(1,1): warning C4828: 文件包含在偏移 0x1e64 处开始的字符，该字符在当前源字符集中无效(代码页 65001)。
C:\Users\86135\Desktop\图形学\22320021-陈安康-作业1\CGHW1\myglwidget.cpp(1,1): warning C4828: 文件包含在偏移 0x1e65 处开始的字符，该字符在当前源字符集中无效(代码页 65001)。
C:\Users\86135\Desktop\图形学\22320021-陈安康-作业1\CGHW1\myglwidget.cpp(1,1): warning C4828: 文件包含在偏移 0x1fd1 处开始的字符，该字符在当前源字符集中无效(代码页 65001)。
C:\Users\86135\Desktop\图形学\22320021-陈安康-作业1\CGHW1\myglwidget.cpp(1,1): warning C4828: 文件包含在偏移 0x1fd2 处开始的字符，该字符在当前源字符集中无效(代码页 65001)。
C:\Users\86135\Desktop\图形学\22320021-陈安康-作业1\CGHW1\myglwidget.cpp(1,1): warning C4828: 文件包含在偏移 0x1fdc 处开始的字符，该字符在当前源字符集中无效(代码页 65001)。
C:\Users\86135\Desktop\图形学\22320021-陈安康-作业1\CGHW1\myglwidget.cpp(1,1): warning C4828: 文件包含在偏移 0x1fdd 处开始的字符，该字符在当前源字符集中无效(代码页 65001)。
C:\Users\86135\Desktop\图形学\22320021-陈安康-作业1\CGHW1\myglwidget.cpp(1,1): warning C4828: 文件包含在偏移 0x1fe0 处开始的字符，该字符在当前源字符集中无效(代码页 65001)。
C:\Users\86135\Desktop\图形学\22320021-陈安康-作业1\CGHW1\myglwidget.cpp(1,1): warning C4828: 文件包含在偏移 0x1fe4 处开始的字符，该字符在当前源字符集中无效(代码页 65001)。
C:\Users\86135\Desktop\图形学\22320021-陈安康-作业1\CGHW1\myglwidget.cpp(1,1): warning C4828: 文件包含在偏移 0x1fec 处开始的字符，该字符在当前源字符集中无效(代码页 65001)。
C:\Users\86135\Desktop\图形学\22320021-陈安康-作业1\CGHW1\myglwidget.cpp(1,1): warning C4828: 文件包含在偏移 0x1fed 处开始的字符，该字符在当前源字符集中无效(代码页 65001)。
C:\Users\86135\Desktop\图形学\22320021-陈安康-作业1\CGHW1\myglwidget.cpp(1,1): warning C4828: 文件包含在偏移 0x1fee 处开始的字符，该字符在当前源字符集中无效(代码页 65001)。
C:\Users\86135\Desktop\图形学\22320021-陈安康-作业1\CGHW1\myglwidget.cpp(1,1): warning C4828: 文件包含在偏移 0x1ff1 处开始的字符，该字符在当前源字符集中无效(代码页 65001)。
C:\Users\86135\Desktop\图形学\22320021-陈安康-作业1\CGHW1\myglwidget.cpp(1,1): warning C4828: 文件包含在偏移 0x1ff7 处开始的字符，该字符在当前源字符集中无效(代码页 65001)。
C:\Users\86135\Desktop\图形学\22320021-陈安康-作业1\CGHW1\myglwidget.cpp(1,1): warning C4828: 文件包含在偏移 0x1ff8 处开始的字符，该字符在当前源字符集中无效(代码页 65001)。
C:\Users\86135\Desktop\图形学\22320021-陈安康-作业1\CGHW1\myglwidget.cpp(1,1): warning C4828: 文件包含在偏移 0x1ff9 处开始的字符，该字符在当前源字符集中无效(代码页 65001)。
C:\Users\86135\Desktop\图形学\22320021-陈安康-作业1\CGHW1\myglwidget.cpp(1,1): warning C4828: 文件包含在偏移 0x1ffb 处开始的字符，该字符在当前源字符集中无效(代码页 65001)。
C:\Users\86135\Desktop\图形学\22320021-陈安康-作业1\CGHW1\myglwidget.cpp(1,1): warning C4828: 文件包含在偏移 0x1ffd 处开始的字符，该字符在当前源字符集中无效(代码页 65001)。
C:\Users\86135\Desktop\图形学\22320021-陈安康-作业1\CGHW1\myglwidget.cpp(1,1): warning C4828: 文件包含在偏移 0x1fff 处开始的字符，该字符在当前源字符集中无效(代码页 65001)。
C:\Users\86135\Desktop\图形学\22320021-陈安康-作业1\CGHW1\myglwidget.cpp(1,1): warning C4828: 文件包含在偏移 0x2000 处开始的字符，该字符在当前源字符集中无效(代码页 65001)。
C:\Users\86135\Desktop\图形学\22320021-陈安康-作业1\CGHW1\myglwidget.cpp(1,1): warning C4828: 文件包含在偏移 0x2004 处开始的字符，该字符在当前源字符集中无效(代码页 65001)。
C:\Users\86135\Desktop\图形学\22320021-陈安康-作业1\CGHW1\myglwidget.cpp(1,1): warning C4828: 文件包含在偏移 0x2005 处开始的字符，该字符在当前源字符集中无效(代码页 65001)。
C:\Users\86135\Desktop\图形学\22320021-陈安康-作业1\CGHW1\myglwidget.cpp(1,1): warning C4828: 文件包含在偏移 0x2006 处开始的字符，该字符在当前源字符集中无效(代码页 65001)。
C:\Users\86135\Desktop\图形学\22320021-陈安康-作业1\CGHW1\myglwidget.cpp(1,1): warning C4828: 文件包含在偏移 0x2009 处开始的字符，该字符在当前源字符集中无效(代码页 65001)。
C:\Users\86135\Desktop\图形学\22320021-陈安康-作业1\CGHW1\myglwidget.cpp(1,1): warning C4828: 文件包含在偏移 0x200a 处开始的字符，该字符在当前源字符集中无效(代码页 65001)。
C:\Users\86135\Desktop\图形学\22320021-陈安康-作业1\CGHW1\myglwidget.cpp(1,1): warning C4828: 文件包含在偏移 0x200c 处开始的字符，该字符在当前源字符集中无效(代码页 65001)。
C:\Users\86135\Desktop\图形学\22320021-陈安康-作业1\CGHW1\myglwidget.cpp(1,1): warning C4828: 文件包含在偏移 0x200d 处开始的字符，该字符在当前源字符集中无效(代码页 65001)。
C:\Users\86135\Desktop\图形学\22320021-陈安康-作业1\CGHW1\myglwidget.cpp(1,1): warning C4828: 文件包含在偏移 0x200e 处开始的字符，该字符在当前源字符集中无效(代码页 65001)。
C:\Users\86135\Desktop\图形学\22320021-陈安康-作业1\CGHW1\myglwidget.cpp(1,1): warning C4828: 文件包含在偏移 0x2010 处开始的字符，该字符在当前源字符集中无效(代码页 65001)。
C:\Users\86135\Desktop\图形学\22320021-陈安康-作业1\CGHW1\myglwidget.cpp(1,1): warning C4828: 文件包含在偏移 0x2019 处开始的字符，该字符在当前源字符集中无效(代码页 65001)。
C:\Users\86135\Desktop\图形学\22320021-陈安康-作业1\CGHW1\myglwidget.cpp(1,1): warning C4828: 文件包含在偏移 0x201c 处开始的字符，该字符在当前源字符集中无效(代码页 65001)。
C:\Users\86135\Desktop\图形学\22320021-陈安康-作业1\CGHW1\myglwidget.cpp(1,1): warning C4828: 文件包含在偏移 0x201f 处开始的字符，该字符在当前源字符集中无效(代码页 65001)。
C:\Users\86135\Desktop\图形学\22320021-陈安康-作业1\CGHW1\myglwidget.cpp(1,1): warning C4828: 文件包含在偏移 0x2022 处开始的字符，该字符在当前源字符集中无效(代码页 65001)。
C:\Users\86135\Desktop\图形学\22320021-陈安康-作业1\CGHW1\myglwidget.cpp(1,1): warning C4828: 文件包含在偏移 0x2027 处开始的字符，该字符在当前源字符集中无效(代码页 65001)。
C:\Users\86135\Desktop\图形学\22320021-陈安康-作业1\CGHW1\myglwidget.cpp(1,1): warning C4828: 文件包含在偏移 0x2028 处开始的字符，该字符在当前源字符集中无效(代码页 65001)。
C:\Users\86135\Desktop\图形学\22320021-陈安康-作业1\CGHW1\myglwidget.cpp(1,1): warning C4828: 文件包含在偏移 0x202a 处开始的字符，该字符在当前源字符集中无效(代码页 65001)。
C:\Users\86135\Desktop\图形学\22320021-陈安康-作业1\CGHW1\myglwidget.cpp(1,1): warning C4828: 文件包含在偏移 0x222a 处开始的字符，该字符在当前源字符集中无效(代码页 65001)。
C:\Users\86135\Desktop\图形学\22320021-陈安康-作业1\CGHW1\myglwidget.cpp(1,1): warning C4828: 文件包含在偏移 0x222b 处开始的字符，该字符在当前源字符集中无效(代码页 65001)。
C:\Users\86135\Desktop\图形学\22320021-陈安康-作业1\CGHW1\myglwidget.cpp(1,1): warning C4828: 文件包含在偏移 0x2235 处开始的字符，该字符在当前源字符集中无效(代码页 65001)。
C:\Users\86135\Desktop\图形学\22320021-陈安康-作业1\CGHW1\myglwidget.cpp(1,1): warning C4828: 文件包含在偏移 0x2236 处开始的字符，该字符在当前源字符集中无效(代码页 65001)。
C:\Users\86135\Desktop\图形学\22320021-陈安康-作业1\CGHW1\myglwidget.cpp(1,1): warning C4828: 文件包含在偏移 0x2239 处开始的字符，该字符在当前源字符集中无效(代码页 65001)。
C:\Users\86135\Desktop\图形学\22320021-陈安康-作业1\CGHW1\myglwidget.cpp(1,1): warning C4828: 文件包含在偏移 0x223b 处开始的字符，该字符在当前源字符集中无效(代码页 65001)。
C:\Users\86135\Desktop\图形学\22320021-陈安康-作业1\CGHW1\myglwidget.cpp(1,1): warning C4828: 文件包含在偏移 0x262f 处开始的字符，该字符在当前源字符集中无效(代码页 65001)。
C:\Users\86135\Desktop\图形学\22320021-陈安康-作业1\CGHW1\myglwidget.cpp(1,1): warning C4828: 文件包含在偏移 0x2630 处开始的字符，该字符在当前源字符集中无效(代码页 65001)。
C:\Users\86135\Desktop\图形学\22320021-陈安康-作业1\CGHW1\myglwidget.cpp(1,1): warning C4828: 文件包含在偏移 0x2636 处开始的字符，该字符在当前源字符集中无效(代码页 65001)。
C:\Users\86135\Desktop\图形学\22320021-陈安康-作业1\CGHW1\myglwidget.cpp(1,1): warning C4828: 文件包含在偏移 0x27c9 处开始的字符，该字符在当前源字符集中无效(代码页 65001)。
C:\Users\86135\Desktop\图形学\22320021-陈安康-作业1\CGHW1\myglwidget.cpp(1,1): warning C4828: 文件包含在偏移 0x27ca 处开始的字符，该字符在当前源字符集中无效(代码页 65001)。
C:\Users\86135\Desktop\图形学\22320021-陈安康-作业1\CGHW1\myglwidget.cpp(1,1): warning C4828: 文件包含在偏移 0x27ce 处开始的字符，该字符在当前源字符集中无效(代码页 65001)。
C:\Users\86135\Desktop\图形学\22320021-陈安康-作业1\CGHW1\myglwidget.cpp(1,1): warning C4828: 文件包含在偏移 0x27cf 处开始的字符，该字符在当前源字符集中无效(代码页 65001)。
C:\Users\86135\Desktop\图形学\22320021-陈安康-作业1\CGHW1\myglwidget.cpp(1,1): warning C4828: 文件包含在偏移 0x296b 处开始的字符，该字符在当前源字符集中无效(代码页 65001)。
C:\Users\86135\Desktop\图形学\22320021-陈安康-作业1\CGHW1\myglwidget.cpp(1,1): warning C4828: 文件包含在偏移 0x296c 处开始的字符，该字符在当前源字符集中无效(代码页 65001)。
C:\Users\86135\Desktop\图形学\22320021-陈安康-作业1\CGHW1\myglwidget.cpp(1,1): warning C4828: 文件包含在偏移 0x2970 处开始的字符，该字符在当前源字符集中无效(代码页 65001)。
C:\Users\86135\Desktop\图形学\22320021-陈安康-作业1\CGHW1\myglwidget.cpp(1,1): warning C4828: 文件包含在偏移 0x2971 处开始的字符，该字符在当前源字符集中无效(代码页 65001)。
C:\Users\86135\Desktop\图形学\22320021-陈安康-作业1\CGHW1\myglwidget.cpp(1,1): warning C4828: 文件包含在偏移 0x2a85 处开始的字符，该字符在当前源字符集中无效(代码页 65001)。
C:\Users\86135\Desktop\图形学\22320021-陈安康-作业1\CGHW1\myglwidget.cpp(1,1): warning C4828: 文件包含在偏移 0x2a86 处开始的字符，该字符在当前源字符集中无效(代码页 65001)。
C:\Users\86135\Desktop\图形学\22320021-陈安康-作业1\CGHW1\myglwidget.cpp(1,1): warning C4828: 文件包含在偏移 0x2a8a 处开始的字符，该字符在当前源字符集中无效(代码页 65001)。
C:\Users\86135\Desktop\图形学\22320021-陈安康-作业1\CGHW1\myglwidget.cpp(1,1): warning C4828: 文件包含在偏移 0x2a8b 处开始的字符，该字符在当前源字符集中无效(代码页 65001)。
C:\Users\86135\Desktop\图形学\22320021-陈安康-作业1\CGHW1\myglwidget.cpp(1,1): warning C4828: 文件包含在偏移 0x2ba3 处开始的字符，该字符在当前源字符集中无效(代码页 65001)。
C:\Users\86135\Desktop\图形学\22320021-陈安康-作业1\CGHW1\myglwidget.cpp(1,1): warning C4828: 文件包含在偏移 0x2ba4 处开始的字符，该字符在当前源字符集中无效(代码页 65001)。
C:\Users\86135\Desktop\图形学\22320021-陈安康-作业1\CGHW1\myglwidget.cpp(1,1): warning C4828: 文件包含在偏移 0x2ba8 处开始的字符，该字符在当前源字符集中无效(代码页 65001)。
C:\Users\86135\Desktop\图形学\22320021-陈安康-作业1\CGHW1\myglwidget.cpp(1,1): warning C4828: 文件包含在偏移 0x2ba9 处开始的字符，该字符在当前源字符集中无效(代码页 65001)。
C:\Users\86135\Desktop\图形学\22320021-陈安康-作业1\CGHW1\myglwidget.cpp(1,1): warning C4828: 文件包含在偏移 0x2cbd 处开始的字符，该字符在当前源字符集中无效(代码页 65001)。
C:\Users\86135\Desktop\图形学\22320021-陈安康-作业1\CGHW1\myglwidget.cpp(1,1): warning C4828: 文件包含在偏移 0x2cbe 处开始的字符，该字符在当前源字符集中无效(代码页 65001)。
C:\Users\86135\Desktop\图形学\22320021-陈安康-作业1\CGHW1\myglwidget.cpp(1,1): warning C4828: 文件包含在偏移 0x2cc2 处开始的字符，该字符在当前源字符集中无效(代码页 65001)。
C:\Users\86135\Desktop\图形学\22320021-陈安康-作业1\CGHW1\myglwidget.cpp(1,1): warning C4828: 文件包含在偏移 0x2cc3 处开始的字符，该字符在当前源字符集中无效(代码页 65001)。
C:\Users\86135\Desktop\图形学\22320021-陈安康-作业1\CGHW1\myglwidget.cpp(1,1): warning C4828: 文件包含在偏移 0x2ddb 处开始的字符，该字符在当前源字符集中无效(代码页 65001)。
C:\Users\86135\Desktop\图形学\22320021-陈安康-作业1\CGHW1\myglwidget.cpp(1,1): warning C4828: 文件包含在偏移 0x2ddc 处开始的字符，该字符在当前源字符集中无效(代码页 65001)。
C:\Users\86135\Desktop\图形学\22320021-陈安康-作业1\CGHW1\myglwidget.cpp(1,1): warning C4828: 文件包含在偏移 0x2de0 处开始的字符，该字符在当前源字符集中无效(代码页 65001)。
C:\Users\86135\Desktop\图形学\22320021-陈安康-作业1\CGHW1\myglwidget.cpp(1,1): warning C4828: 文件包含在偏移 0x2de1 处开始的字符，该字符在当前源字符集中无效(代码页 65001)。
C:\Users\86135\Desktop\图形学\22320021-陈安康-作业1\CGHW1\myglwidget.cpp(1,1): warning C4828: 文件包含在偏移 0x2efa 处开始的字符，该字符在当前源字符集中无效(代码页 65001)。
C:\Users\86135\Desktop\图形学\22320021-陈安康-作业1\CGHW1\myglwidget.cpp(1,1): warning C4828: 文件包含在偏移 0x2efb 处开始的字符，该字符在当前源字符集中无效(代码页 65001)。
C:\Users\86135\Desktop\图形学\22320021-陈安康-作业1\CGHW1\myglwidget.cpp(1,1): warning C4828: 文件包含在偏移 0x2eff 处开始的字符，该字符在当前源字符集中无效(代码页 65001)。
C:\Users\86135\Desktop\图形学\22320021-陈安康-作业1\CGHW1\myglwidget.cpp(1,1): warning C4828: 文件包含在偏移 0x2f00 处开始的字符，该字符在当前源字符集中无效(代码页 65001)。
C:\Users\86135\Desktop\图形学\22320021-陈安康-作业1\CGHW1\myglwidget.cpp(1,1): warning C4828: 文件包含在偏移 0x3015 处开始的字符，该字符在当前源字符集中无效(代码页 65001)。
C:\Users\86135\Desktop\图形学\22320021-陈安康-作业1\CGHW1\myglwidget.cpp(1,1): warning C4828: 文件包含在偏移 0x3016 处开始的字符，该字符在当前源字符集中无效(代码页 65001)。
C:\Users\86135\Desktop\图形学\22320021-陈安康-作业1\CGHW1\myglwidget.cpp(1,1): warning C4828: 文件包含在偏移 0x301a 处开始的字符，该字符在当前源字符集中无效(代码页 65001)。
C:\Users\86135\Desktop\图形学\22320021-陈安康-作业1\CGHW1\myglwidget.cpp(1,1): warning C4828: 文件包含在偏移 0x301b 处开始的字符，该字符在当前源字符集中无效(代码页 65001)。
C:\Users\86135\Desktop\图形学\22320021-陈安康-作业1\CGHW1\myglwidget.cpp(1,1): warning C4828: 文件包含在偏移 0x3130 处开始的字符，该字符在当前源字符集中无效(代码页 65001)。
C:\Users\86135\Desktop\图形学\22320021-陈安康-作业1\CGHW1\myglwidget.cpp(1,1): warning C4828: 文件包含在偏移 0x3131 处开始的字符，该字符在当前源字符集中无效(代码页 65001)。
C:\Users\86135\Desktop\图形学\22320021-陈安康-作业1\CGHW1\myglwidget.cpp(1,1): warning C4828: 文件包含在偏移 0x3135 处开始的字符，该字符在当前源字符集中无效(代码页 65001)。
C:\Users\86135\Desktop\图形学\22320021-陈安康-作业1\CGHW1\myglwidget.cpp(1,1): warning C4828: 文件包含在偏移 0x3136 处开始的字符，该字符在当前源字符集中无效(代码页 65001)。
  moc_myglwidget.cpp
  正在生成代码...
  CGTemplate.vcxproj -> C:\Users\86135\Desktop\图形学\22320021-陈安康-作业1\CGHW1\debug\CGTemplate.exe
